../Src/007MasterSendtoSlave_I2C_interrupt.c:16:6:delay	16	static
../Src/007MasterSendtoSlave_I2C_interrupt.c:30:6:gpio_init	24	static
../Src/007MasterSendtoSlave_I2C_interrupt.c:45:6:i2c_gpioinit	24	static
../Src/007MasterSendtoSlave_I2C_interrupt.c:64:6:i2c_init	8	static
../Src/007MasterSendtoSlave_I2C_interrupt.c:75:5:main	8	static
../Src/007MasterSendtoSlave_I2C_interrupt.c:109:6:EXTI15_10_IRQHandler	24	static
../Src/007MasterSendtoSlave_I2C_interrupt.c:142:6:I2C1_EV_IRQHandler	8	static
