Archive member included to satisfy reference by file (symbol)

C:/ST/STM32CubeIDE_1.18.1/STM32CubeIDE/plugins/com.st.stm32cube.ide.mcu.externaltools.gnu-tools-for-stm32.13.3.rel1.win32_1.0.0.202411081344/tools/bin/../lib/gcc/arm-none-eabi/13.3.1/../../../../arm-none-eabi/lib/thumb/v7e-m/nofp\libc_nano.a(libc_a-exit.o)
                              C:/ST/STM32CubeIDE_1.18.1/STM32CubeIDE/plugins/com.st.stm32cube.ide.mcu.externaltools.gnu-tools-for-stm32.13.3.rel1.win32_1.0.0.202411081344/tools/bin/../lib/gcc/arm-none-eabi/13.3.1/../../../../arm-none-eabi/lib/thumb/v7e-m/nofp/crt0.o (exit)
C:/ST/STM32CubeIDE_1.18.1/STM32CubeIDE/plugins/com.st.stm32cube.ide.mcu.externaltools.gnu-tools-for-stm32.13.3.rel1.win32_1.0.0.202411081344/tools/bin/../lib/gcc/arm-none-eabi/13.3.1/../../../../arm-none-eabi/lib/thumb/v7e-m/nofp\libc_nano.a(libc_a-findfp.o)
                              C:/ST/STM32CubeIDE_1.18.1/STM32CubeIDE/plugins/com.st.stm32cube.ide.mcu.externaltools.gnu-tools-for-stm32.13.3.rel1.win32_1.0.0.202411081344/tools/bin/../lib/gcc/arm-none-eabi/13.3.1/../../../../arm-none-eabi/lib/thumb/v7e-m/nofp\libc_nano.a(libc_a-exit.o) (__stdio_exit_handler)
C:/ST/STM32CubeIDE_1.18.1/STM32CubeIDE/plugins/com.st.stm32cube.ide.mcu.externaltools.gnu-tools-for-stm32.13.3.rel1.win32_1.0.0.202411081344/tools/bin/../lib/gcc/arm-none-eabi/13.3.1/../../../../arm-none-eabi/lib/thumb/v7e-m/nofp\libc_nano.a(libc_a-fwalk.o)
                              C:/ST/STM32CubeIDE_1.18.1/STM32CubeIDE/plugins/com.st.stm32cube.ide.mcu.externaltools.gnu-tools-for-stm32.13.3.rel1.win32_1.0.0.202411081344/tools/bin/../lib/gcc/arm-none-eabi/13.3.1/../../../../arm-none-eabi/lib/thumb/v7e-m/nofp\libc_nano.a(libc_a-findfp.o) (_fwalk_sglue)
C:/ST/STM32CubeIDE_1.18.1/STM32CubeIDE/plugins/com.st.stm32cube.ide.mcu.externaltools.gnu-tools-for-stm32.13.3.rel1.win32_1.0.0.202411081344/tools/bin/../lib/gcc/arm-none-eabi/13.3.1/../../../../arm-none-eabi/lib/thumb/v7e-m/nofp\libc_nano.a(libc_a-stdio.o)
                              C:/ST/STM32CubeIDE_1.18.1/STM32CubeIDE/plugins/com.st.stm32cube.ide.mcu.externaltools.gnu-tools-for-stm32.13.3.rel1.win32_1.0.0.202411081344/tools/bin/../lib/gcc/arm-none-eabi/13.3.1/../../../../arm-none-eabi/lib/thumb/v7e-m/nofp\libc_nano.a(libc_a-findfp.o) (__sread)
C:/ST/STM32CubeIDE_1.18.1/STM32CubeIDE/plugins/com.st.stm32cube.ide.mcu.externaltools.gnu-tools-for-stm32.13.3.rel1.win32_1.0.0.202411081344/tools/bin/../lib/gcc/arm-none-eabi/13.3.1/../../../../arm-none-eabi/lib/thumb/v7e-m/nofp\libc_nano.a(libc_a-memset.o)
                              C:/ST/STM32CubeIDE_1.18.1/STM32CubeIDE/plugins/com.st.stm32cube.ide.mcu.externaltools.gnu-tools-for-stm32.13.3.rel1.win32_1.0.0.202411081344/tools/bin/../lib/gcc/arm-none-eabi/13.3.1/../../../../arm-none-eabi/lib/thumb/v7e-m/nofp/crt0.o (memset)
C:/ST/STM32CubeIDE_1.18.1/STM32CubeIDE/plugins/com.st.stm32cube.ide.mcu.externaltools.gnu-tools-for-stm32.13.3.rel1.win32_1.0.0.202411081344/tools/bin/../lib/gcc/arm-none-eabi/13.3.1/../../../../arm-none-eabi/lib/thumb/v7e-m/nofp\libc_nano.a(libc_a-closer.o)
                              C:/ST/STM32CubeIDE_1.18.1/STM32CubeIDE/plugins/com.st.stm32cube.ide.mcu.externaltools.gnu-tools-for-stm32.13.3.rel1.win32_1.0.0.202411081344/tools/bin/../lib/gcc/arm-none-eabi/13.3.1/../../../../arm-none-eabi/lib/thumb/v7e-m/nofp\libc_nano.a(libc_a-stdio.o) (_close_r)
C:/ST/STM32CubeIDE_1.18.1/STM32CubeIDE/plugins/com.st.stm32cube.ide.mcu.externaltools.gnu-tools-for-stm32.13.3.rel1.win32_1.0.0.202411081344/tools/bin/../lib/gcc/arm-none-eabi/13.3.1/../../../../arm-none-eabi/lib/thumb/v7e-m/nofp\libc_nano.a(libc_a-reent.o)
                              C:/ST/STM32CubeIDE_1.18.1/STM32CubeIDE/plugins/com.st.stm32cube.ide.mcu.externaltools.gnu-tools-for-stm32.13.3.rel1.win32_1.0.0.202411081344/tools/bin/../lib/gcc/arm-none-eabi/13.3.1/../../../../arm-none-eabi/lib/thumb/v7e-m/nofp\libc_nano.a(libc_a-closer.o) (errno)
C:/ST/STM32CubeIDE_1.18.1/STM32CubeIDE/plugins/com.st.stm32cube.ide.mcu.externaltools.gnu-tools-for-stm32.13.3.rel1.win32_1.0.0.202411081344/tools/bin/../lib/gcc/arm-none-eabi/13.3.1/../../../../arm-none-eabi/lib/thumb/v7e-m/nofp\libc_nano.a(libc_a-impure.o)
                              C:/ST/STM32CubeIDE_1.18.1/STM32CubeIDE/plugins/com.st.stm32cube.ide.mcu.externaltools.gnu-tools-for-stm32.13.3.rel1.win32_1.0.0.202411081344/tools/bin/../lib/gcc/arm-none-eabi/13.3.1/../../../../arm-none-eabi/lib/thumb/v7e-m/nofp\libc_nano.a(libc_a-reent.o) (_impure_ptr)
C:/ST/STM32CubeIDE_1.18.1/STM32CubeIDE/plugins/com.st.stm32cube.ide.mcu.externaltools.gnu-tools-for-stm32.13.3.rel1.win32_1.0.0.202411081344/tools/bin/../lib/gcc/arm-none-eabi/13.3.1/../../../../arm-none-eabi/lib/thumb/v7e-m/nofp\libc_nano.a(libc_a-lseekr.o)
[...]
Memory Configuration

Name             Origin             Length             Attributes
RAM              0x20000000         0x00020000         xrw
FLASH            0x08000000         0x00080000         xr
*default*        0x00000000         0xffffffff

Linker script and memory map

LOAD C:/ST/STM32CubeIDE_1.18.1/STM32CubeIDE/plugins/com.st.stm32cube.ide.mcu.externaltools.gnu-tools-for-stm32.13.3.rel1.win32_1.0.0.202411081344/tools/bin/../lib/gcc/arm-none-eabi/13.3.1/thumb/v7e-m/nofp/crti.o
LOAD C:/ST/STM32CubeIDE_1.18.1/STM32CubeIDE/plugins/com.st.stm32cube.ide.mcu.externaltools.gnu-tools-for-stm32.13.3.rel1.win32_1.0.0.202411081344/tools/bin/../lib/gcc/arm-none-eabi/13.3.1/thumb/v7e-m/nofp/crtbegin.o
LOAD C:/ST/STM32CubeIDE_1.18.1/STM32CubeIDE/plugins/com.st.stm32cube.ide.mcu.externaltools.gnu-tools-for-stm32.13.3.rel1.win32_1.0.0.202411081344/tools/bin/../lib/gcc/arm-none-eabi/13.3.1/../../../../arm-none-eabi/lib/thumb/v7e-m/nofp/crt0.o
LOAD ./Drivers/Src/stm32f446xx_gpio_driver.o
LOAD ./Drivers/Src/stm32f446xx_i2c_driver.o
LOAD ./Drivers/Src/stm32f446xx_spi_driver.o
LOAD ./Src/008STM32_Slave_ArduinoMaster_i2cIT.o
LOAD ./Src/syscalls.o
LOAD ./Src/sysmem.o
LOAD ./Startup/startup_stm32f446retx.o
START GROUP
LOAD C:/ST/STM32CubeIDE_1.18.1/STM32CubeIDE/plugins/com.st.stm32cube.ide.mcu.externaltools.gnu-tools-for-stm32.13.3.rel1.win32_1.0.0.202411081344/tools/bin/../lib/gcc/arm-none-eabi/13.3.1/../../../../arm-none-eabi/lib/thumb/v7e-m/nofp\libc_nano.a
LOAD C:/ST/STM32CubeIDE_1.18.1/STM32CubeIDE/plugins/com.st.stm32cube.ide.mcu.externaltools.gnu-tools-for-stm32.13.3.rel1.win32_1.0.0.202411081344/tools/bin/../lib/gcc/arm-none-eabi/13.3.1/../../../../arm-none-eabi/lib/thumb/v7e-m/nofp\libm.a
END GROUP
START GROUP
LOAD C:/ST/STM32CubeIDE_1.18.1/STM32CubeIDE/plugins/com.st.stm32cube.ide.mcu.externaltools.gnu-tools-for-stm32.13.3.rel1.win32_1.0.0.202411081344/tools/bin/../lib/gcc/arm-none-eabi/13.3.1/thumb/v7e-m/nofp\libgcc.a
LOAD C:/ST/STM32CubeIDE_1.18.1/STM32CubeIDE/plugins/com.st.stm32cube.ide.mcu.externaltools.gnu-tools-for-stm32.13.3.rel1.win32_1.0.0.202411081344/tools/bin/../lib/gcc/arm-none-eabi/13.3.1/../../../../arm-none-eabi/lib/thumb/v7e-m/nofp\libc_nano.a
END GROUP
START GROUP
LOAD C:/ST/STM32CubeIDE_1.18.1/STM32CubeIDE/plugins/com.st.stm32cube.ide.mcu.externaltools.gnu-tools-for-stm32.13.3.rel1.win32_1.0.0.202411081344/tools/bin/../lib/gcc/arm-none-eabi/13.3.1/thumb/v7e-m/nofp\libgcc.a
LOAD C:/ST/STM32CubeIDE_1.18.1/STM32CubeIDE/plugins/com.st.stm32cube.ide.mcu.externaltools.gnu-tools-for-stm32.13.3.rel1.win32_1.0.0.202411081344/tools/bin/../lib/gcc/arm-none-eabi/13.3.1/../../../../arm-none-eabi/lib/thumb/v7e-m/nofp\libc_nano.a
LOAD C:/ST/STM32CubeIDE_1.18.1/STM32CubeIDE/plugins/com.st.stm32cube.ide.mcu.externaltools.gnu-tools-for-stm32.13.3.rel1.win32_1.0.0.202411081344/tools/bin/../lib/gcc/arm-none-eabi/13.3.1/../../../../arm-none-eabi/lib/thumb/v7e-m/nofp\libnosys.a
END GROUP
START GROUP
LOAD C:/ST/STM32CubeIDE_1.18.1/STM32CubeIDE/plugins/com.st.stm32cube.ide.mcu.externaltools.gnu-tools-for-stm32.13.3.rel1.win32_1.0.0.202411081344/tools/bin/../lib/gcc/arm-none-eabi/13.3.1/thumb/v7e-m/nofp\libgcc.a
LOAD C:/ST/STM32CubeIDE_1.18.1/STM32CubeIDE/plugins/com.st.stm32cube.ide.mcu.externaltools.gnu-tools-for-stm32.13.3.rel1.win32_1.0.0.202411081344/tools/bin/../lib/gcc/arm-none-eabi/13.3.1/../../../../arm-none-eabi/lib/thumb/v7e-m/nofp\libc_nano.a
LOAD C:/ST/STM32CubeIDE_1.18.1/STM32CubeIDE/plugins/com.st.stm32cube.ide.mcu.externaltools.gnu-tools-for-stm32.13.3.rel1.win32_1.0.0.202411081344/tools/bin/../lib/gcc/arm-none-eabi/13.3.1/../../../../arm-none-eabi/lib/thumb/v7e-m/nofp\libnosys.a
END GROUP
LOAD C:/ST/STM32CubeIDE_1.18.1/STM32CubeIDE/plugins/com.st.stm32cube.ide.mcu.externaltools.gnu-tools-for-stm32.13.3.rel1.win32_1.0.0.202411081344/tools/bin/../lib/gcc/arm-none-eabi/13.3.1/thumb/v7e-m/nofp/crtend.o
LOAD C:/ST/STM32CubeIDE_1.18.1/STM32CubeIDE/plugins/com.st.stm32cube.ide.mcu.externaltools.gnu-tools-for-stm32.13.3.rel1.win32_1.0.0.202411081344/tools/bin/../lib/gcc/arm-none-eabi/13.3.1/thumb/v7e-m/nofp/crtn.o
                0x20020000                        _estack = (ORIGIN (RAM) + LENGTH (RAM))
                0x00000200                        _Min_Heap_Size = 0x200
                0x00000400                        _Min_Stack_Size = 0x400

.isr_vector     0x08000000      0x1c4
                0x08000000                        . = ALIGN (0x4)
 *(.isr_vector)
 .isr_vector    0x08000000      0x1c4 ./Startup/startup_stm32f446retx.o
                0x08000000                g_pfnVectors
                0x080001c4                        . = ALIGN (0x4)

.text           0x080001c8     0x17e8
                0x080001c8                        . = ALIGN (0x4)
 *(.text)
 .text          0x080001c8       0x40 C:/ST/STM32CubeIDE_1.18.1/STM32CubeIDE/plugins/com.st.stm32cube.ide.mcu.externaltools.gnu-tools-for-stm32.13.3.rel1.win32_1.0.0.202411081344/tools/bin/../lib/gcc/arm-none-eabi/13.3.1/thumb/v7e-m/nofp/crtbegin.o
 .text          0x08000208       0x10 C:/ST/STM32CubeIDE_1.18.1/STM32CubeIDE/plugins/com.st.stm32cube.ide.mcu.externaltools.gnu-tools-for-stm32.13.3.rel1.win32_1.0.0.202411081344/tools/bin/../lib/gcc/arm-none-eabi/13.3.1/../../../../arm-none-eabi/lib/thumb/v7e-m/nofp\libc_nano.a(libc_a-strlen.o)
                0x08000208                strlen
 .text          0x08000218      0x254 C:/ST/STM32CubeIDE_1.18.1/STM32CubeIDE/plugins/com.st.stm32cube.ide.mcu.externaltools.gnu-tools-for-stm32.13.3.rel1.win32_1.0.0.202411081344/tools/bin/../lib/gcc/arm-none-eabi/13.3.1/thumb/v7e-m/nofp\libgcc.a(_arm_muldf3.o)
                0x08000218                __muldf3
                0x08000218                __aeabi_dmul
 .text          0x0800046c      0x378 C:/ST/STM32CubeIDE_1.18.1/STM32CubeIDE/plugins/com.st.stm32cube.ide.mcu.externaltools.gnu-tools-for-stm32.13.3.rel1.win32_1.0.0.202411081344/tools/bin/../lib/gcc/arm-none-eabi/13.3.1/thumb/v7e-m/nofp\libgcc.a(_arm_addsubdf3.o)
                0x0800046c                __aeabi_drsub
                0x08000474                __aeabi_dsub
                0x08000474                __subdf3
                0x08000478                __aeabi_dadd
                0x08000478                __adddf3
                0x080006f0                __floatunsidf
                0x080006f0                __aeabi_ui2d
                0x08000710                __floatsidf
                0x08000710                __aeabi_i2d
                0x08000734                __aeabi_f2d
                0x08000734                __extendsfdf2
                0x08000778                __floatundidf
                0x08000778                __aeabi_ul2d
                0x08000788                __floatdidf
                0x08000788                __aeabi_l2d
 .text          0x080007e4       0x40 C:/ST/STM32CubeIDE_1.18.1/STM32CubeIDE/plugins/com.st.stm32cube.ide.mcu.externaltools.gnu-tools-for-stm32.13.3.rel1.win32_1.0.0.202411081344/tools/bin/../lib/gcc/arm-none-eabi/13.3.1/thumb/v7e-m/nofp\libgcc.a(_arm_fixunsdfsi.o)
                0x080007e4                __aeabi_d2uiz
                0x080007e4                __fixunsdfsi
 *(.text*)
 .text.GPIO_PeripheralClkCtrl
                0x08000824      0x1e4 ./Drivers/Src/stm32f446xx_gpio_driver.o
                0x08000824                GPIO_PeripheralClkCtrl
 .text.GPIO_Init
                0x08000a08      0x38c ./Drivers/Src/stm32f446xx_gpio_driver.o
                0x08000a08                GPIO_Init
 .text.I2C_PeripheralClkCtrl
                0x08000d94       0xd8 ./Drivers/Src/stm32f446xx_i2c_driver.o
                0x08000d94                I2C_PeripheralClkCtrl
 .text.I2C_PeripheralControl
                0x08000e6c       0x42 ./Drivers/Src/stm32f446xx_i2c_driver.o
                0x08000e6c                I2C_PeripheralControl
 *fill*         0x08000eae        0x2 
 .text.I2C_Init
                0x08000eb0      0x148 ./Drivers/Src/stm32f446xx_i2c_driver.o
                0x08000eb0                I2C_Init
 .text.RCC_GetPCLK1Value
                0x08000ff8       0xa0 ./Drivers/Src/stm32f446xx_i2c_driver.o
                0x08000ff8                RCC_GetPCLK1Value
 .text.Get_TriseValue
                0x08001098       0xa8 ./Drivers/Src/stm32f446xx_i2c_driver.o
                0x08001098                Get_TriseValue
 .text.I2C_GetSR1FlagStatus
                0x08001140       0x2a ./Drivers/Src/stm32f446xx_i2c_driver.o
                0x08001140                I2C_GetSR1FlagStatus
 .text.I2C_GetSR2FlagStatus
                0x0800116a       0x42 ./Drivers/Src/stm32f446xx_i2c_driver.o
                0x0800116a                I2C_GetSR2FlagStatus
 .text.I2C_IRQInterruptConfig
                0x080011ac       0x7c ./Drivers/Src/stm32f446xx_i2c_driver.o
                0x080011ac                I2C_IRQInterruptConfig
 .text.I2C_Event_IRQHandling
                0x08001228      0x240 ./Drivers/Src/stm32f446xx_i2c_driver.o
                0x08001228                I2C_Event_IRQHandling
 .text.I2C_Err_IRQHandling
                0x08001468      0x122 ./Drivers/Src/stm32f446xx_i2c_driver.o
                0x08001468                I2C_Err_IRQHandling
 .text.I2C_MasterRxNEInterrupt_Handler
                0x0800158a       0xa2 ./Drivers/Src/stm32f446xx_i2c_driver.o
 .text.I2C_CloseReceiveData
                0x0800162c       0x62 ./Drivers/Src/stm32f446xx_i2c_driver.o
 .text.I2C_CloseSendData
                0x0800168e       0x44 ./Drivers/Src/stm32f446xx_i2c_driver.o
 .text.I2C_SlaveSendData
                0x080016d2       0x2a ./Drivers/Src/stm32f446xx_i2c_driver.o
                0x080016d2                I2C_SlaveSendData
 .text.I2C_SlaveReceiveData
                0x080016fc       0x26 ./Drivers/Src/stm32f446xx_i2c_driver.o
                0x080016fc                I2C_SlaveReceiveData
 .text.I2C_SlaveEn_CallbackEvents
                0x08001722       0x66 ./Drivers/Src/stm32f446xx_i2c_driver.o
                0x08001722                I2C_SlaveEn_CallbackEvents
 .text.i2c_gpioinit
                0x08001788       0x44 ./Src/008STM32_Slave_ArduinoMaster_i2cIT.o
                0x08001788                i2c_gpioinit
 .text.i2c_init
                0x080017cc       0x38 ./Src/008STM32_Slave_ArduinoMaster_i2cIT.o
                0x080017cc                i2c_init
 .text.main     0x08001804       0x34 ./Src/008STM32_Slave_ArduinoMaster_i2cIT.o
                0x08001804                main
 .text.I2C1_EV_IRQHandler
                0x08001838       0x14 ./Src/008STM32_Slave_ArduinoMaster_i2cIT.o
                0x08001838                I2C1_EV_IRQHandler
 .text.I2C1_ER_IRQHandler
                0x0800184c       0x14 ./Src/008STM32_Slave_ArduinoMaster_i2cIT.o
                0x0800184c                I2C1_ER_IRQHandler
 .text.I2C_ApplicationEventCallback
                0x08001860       0x9c ./Src/008STM32_Slave_ArduinoMaster_i2cIT.o
                0x08001860                I2C_ApplicationEventCallback
 .text.Reset_Handler
                0x080018fc       0x50 ./Startup/startup_stm32f446retx.o
                0x080018fc                Reset_Handler
 .text.Default_Handler
                0x0800194c        0x2 ./Startup/startup_stm32f446retx.o
                0x0800194c                RTC_Alarm_IRQHandler
                0x0800194c                EXTI2_IRQHandler
                0x0800194c                TIM8_CC_IRQHandler
                0x0800194c                SPDIF_Rx_IRQHandler
                0x0800194c                DebugMon_Handler
                0x0800194c                SPI4_IRQHandler
                0x0800194c                TIM1_CC_IRQHandler
                0x0800194c                QuadSPI_IRQHandler
                0x0800194c                DMA2_Stream5_IRQHandler
                0x0800194c                HardFault_Handler
                0x0800194c                DMA1_Stream5_IRQHandler
                0x0800194c                SysTick_Handler
                0x0800194c                PVD_IRQHandler
                0x0800194c                SDIO_IRQHandler
                0x0800194c                TAMP_STAMP_IRQHandler
                0x0800194c                PendSV_Handler
                0x0800194c                NMI_Handler
                0x0800194c                CAN2_RX1_IRQHandler
                0x0800194c                EXTI3_IRQHandler
                0x0800194c                TIM8_TRG_COM_TIM14_IRQHandler
                0x0800194c                TIM1_UP_TIM10_IRQHandler
                0x0800194c                FMPI2C1_error_IRQHandler
                0x0800194c                TIM8_UP_TIM13_IRQHandler
                0x0800194c                I2C3_ER_IRQHandler
                0x0800194c                EXTI0_IRQHandler
                0x0800194c                I2C2_EV_IRQHandler
                0x0800194c                DMA1_Stream2_IRQHandler
                0x0800194c                CAN1_RX0_IRQHandler
                0x0800194c                OTG_HS_WKUP_IRQHandler
                0x0800194c                UsageFault_Handler
                0x0800194c                CAN2_SCE_IRQHandler
                0x0800194c                DMA2_Stream2_IRQHandler
                0x0800194c                SPI1_IRQHandler
                0x0800194c                TIM6_DAC_IRQHandler
                0x0800194c                TIM1_BRK_TIM9_IRQHandler
                0x0800194c                DCMI_IRQHandler
                0x0800194c                CAN2_RX0_IRQHandler
                0x0800194c                DMA2_Stream3_IRQHandler
                0x0800194c                FMPI2C1_IRQHandler
                0x0800194c                SAI2_IRQHandler
                0x0800194c                USART6_IRQHandler
                0x0800194c                USART3_IRQHandler
                0x0800194c                CAN1_RX1_IRQHandler
                0x0800194c                UART5_IRQHandler
                0x0800194c                DMA2_Stream0_IRQHandler
                0x0800194c                TIM4_IRQHandler
                0x0800194c                HDMI_CEC_IRQHandler
                0x0800194c                DMA1_Stream6_IRQHandler
                0x0800194c                DMA1_Stream1_IRQHandler
                0x0800194c                UART4_IRQHandler
                0x0800194c                TIM3_IRQHandler
                0x0800194c                RCC_IRQHandler
                0x0800194c                TIM8_BRK_TIM12_IRQHandler
                0x0800194c                Default_Handler
                0x0800194c                EXTI15_10_IRQHandler
                0x0800194c                ADC_IRQHandler
                0x0800194c                DMA1_Stream7_IRQHandler
                0x0800194c                TIM7_IRQHandler
                0x0800194c                CAN2_TX_IRQHandler
                0x0800194c                TIM5_IRQHandler
                0x0800194c                DMA2_Stream7_IRQHandler
                0x0800194c                I2C3_EV_IRQHandler
                0x0800194c                EXTI9_5_IRQHandler
                0x0800194c                RTC_WKUP_IRQHandler
                0x0800194c                SPI2_IRQHandler
                0x0800194c                OTG_HS_EP1_IN_IRQHandler
                0x0800194c                MemManage_Handler
                0x0800194c                DMA1_Stream0_IRQHandler
                0x0800194c                CAN1_TX_IRQHandler
                0x0800194c                SVC_Handler
                0x0800194c                EXTI4_IRQHandler
                0x0800194c                OTG_HS_EP1_OUT_IRQHandler
                0x0800194c                WWDG_IRQHandler
                0x0800194c                TIM2_IRQHandler
                0x0800194c                OTG_FS_WKUP_IRQHandler
                0x0800194c                TIM1_TRG_COM_TIM11_IRQHandler
                0x0800194c                OTG_HS_IRQHandler
                0x0800194c                EXTI1_IRQHandler
                0x0800194c                USART2_IRQHandler
                0x0800194c                I2C2_ER_IRQHandler
                0x0800194c                DMA2_Stream1_IRQHandler
                0x0800194c                CAN1_SCE_IRQHandler
                0x0800194c                FLASH_IRQHandler
                0x0800194c                DMA2_Stream4_IRQHandler
                0x0800194c                BusFault_Handler
                0x0800194c                USART1_IRQHandler
                0x0800194c                OTG_FS_IRQHandler
                0x0800194c                SPI3_IRQHandler
                0x0800194c                DMA1_Stream4_IRQHandler
                0x0800194c                FMC_IRQHandler
                0x0800194c                DMA2_Stream6_IRQHandler
                0x0800194c                SAI1_IRQHandler
                0x0800194c                DMA1_Stream3_IRQHandler
 *fill*         0x0800194e        0x2 
 .text.__libc_init_array
                0x08001950       0x48 C:/ST/STM32CubeIDE_1.18.1/STM32CubeIDE/plugins/com.st.stm32cube.ide.mcu.externaltools.gnu-tools-for-stm32.13.3.rel1.win32_1.0.0.202411081344/tools/bin/../lib/gcc/arm-none-eabi/13.3.1/../../../../arm-none-eabi/lib/thumb/v7e-m/nofp\libc_nano.a(libc_a-init.o)
                0x08001950                __libc_init_array
 *(.glue_7)
 .glue_7        0x08001998        0x0 linker stubs
 *(.glue_7t)
 .glue_7t       0x08001998        0x0 linker stubs
 *(.eh_frame)
 .eh_frame      0x08001998        0x0 C:/ST/STM32CubeIDE_1.18.1/STM32CubeIDE/plugins/com.st.stm32cube.ide.mcu.externaltools.gnu-tools-for-stm32.13.3.rel1.win32_1.0.0.202411081344/tools/bin/../lib/gcc/arm-none-eabi/13.3.1/thumb/v7e-m/nofp/crtbegin.o
 *(.init)
 .init          0x08001998        0x4 C:/ST/STM32CubeIDE_1.18.1/STM32CubeIDE/plugins/com.st.stm32cube.ide.mcu.externaltools.gnu-tools-for-stm32.13.3.rel1.win32_1.0.0.202411081344/tools/bin/../lib/gcc/arm-none-eabi/13.3.1/thumb/v7e-m/nofp/crti.o
                0x08001998                _init
 .init          0x0800199c        0x8 C:/ST/STM32CubeIDE_1.18.1/STM32CubeIDE/plugins/com.st.stm32cube.ide.mcu.externaltools.gnu-tools-for-stm32.13.3.rel1.win32_1.0.0.202411081344/tools/bin/../lib/gcc/arm-none-eabi/13.3.1/thumb/v7e-m/nofp/crtn.o
 *(.fini)
 .fini          0x080019a4        0x4 C:/ST/STM32CubeIDE_1.18.1/STM32CubeIDE/plugins/com.st.stm32cube.ide.mcu.externaltools.gnu-tools-for-stm32.13.3.rel1.win32_1.0.0.202411081344/tools/bin/../lib/gcc/arm-none-eabi/13.3.1/thumb/v7e-m/nofp/crti.o
                0x080019a4                _fini
 .fini          0x080019a8        0x8 C:/ST/STM32CubeIDE_1.18.1/STM32CubeIDE/plugins/com.st.stm32cube.ide.mcu.externaltools.gnu-tools-for-stm32.13.3.rel1.win32_1.0.0.202411081344/tools/bin/../lib/gcc/arm-none-eabi/13.3.1/thumb/v7e-m/nofp/crtn.o
                0x080019b0                        . = ALIGN (0x4)
                0x080019b0                        _etext = .

.vfp11_veneer   0x080019b0        0x0
 .vfp11_veneer  0x080019b0        0x0 linker stubs

.v4_bx          0x080019b0        0x0
 .v4_bx         0x080019b0        0x0 linker stubs

.iplt           0x080019b0        0x0
 .iplt          0x080019b0        0x0 C:/ST/STM32CubeIDE_1.18.1/STM32CubeIDE/plugins/com.st.stm32cube.ide.mcu.externaltools.gnu-tools-for-stm32.13.3.rel1.win32_1.0.0.202411081344/tools/bin/../lib/gcc/arm-none-eabi/13.3.1/thumb/v7e-m/nofp/crtbegin.o

.rodata         0x080019b0        0x0
                0x080019b0                        . = ALIGN (0x4)
 *(.rodata)
 *(.rodata*)
                0x080019b0                        . = ALIGN (0x4)

.ARM.extab      0x080019b0        0x0
                0x080019b0                        . = ALIGN (0x4)
 *(.ARM.extab* .gnu.linkonce.armextab.*)
                0x080019b0                        . = ALIGN (0x4)

.ARM            0x080019b0        0x8
                0x080019b0                        . = ALIGN (0x4)
                0x080019b0                        __exidx_start = .
 *(.ARM.exidx*)
 .ARM.exidx     0x080019b0        0x8 C:/ST/STM32CubeIDE_1.18.1/STM32CubeIDE/plugins/com.st.stm32cube.ide.mcu.externaltools.gnu-tools-for-stm32.13.3.rel1.win32_1.0.0.202411081344/tools/bin/../lib/gcc/arm-none-eabi/13.3.1/../../../../arm-none-eabi/lib/thumb/v7e-m/nofp\libc_nano.a(libc_a-strlen.o)
                0x080019b8                        __exidx_end = .
                0x080019b8                        . = ALIGN (0x4)

.preinit_array  0x080019b8        0x0
                0x080019b8                        . = ALIGN (0x4)
                0x080019b8                        PROVIDE (__preinit_array_start = .)
 *(.preinit_array*)
                0x080019b8                        PROVIDE (__preinit_array_end = .)
                0x080019b8                        . = ALIGN (0x4)

.init_array     0x080019b8        0x4
                0x080019b8                        . = ALIGN (0x4)
                0x080019b8                        PROVIDE (__init_array_start = .)
 *(SORT_BY_NAME(.init_array.*))
 *(.init_array*)
 .init_array    0x080019b8        0x4 C:/ST/STM32CubeIDE_1.18.1/STM32CubeIDE/plugins/com.st.stm32cube.ide.mcu.externaltools.gnu-tools-for-stm32.13.3.rel1.win32_1.0.0.202411081344/tools/bin/../lib/gcc/arm-none-eabi/13.3.1/thumb/v7e-m/nofp/crtbegin.o
                0x080019bc                        PROVIDE (__init_array_end = .)
                0x080019bc                        . = ALIGN (0x4)

.fini_array     0x080019bc        0x4
                0x080019bc                        . = ALIGN (0x4)
                [!provide]                        PROVIDE (__fini_array_start = .)
 *(SORT_BY_NAME(.fini_array.*))
 *(.fini_array*)
 .fini_array    0x080019bc        0x4 C:/ST/STM32CubeIDE_1.18.1/STM32CubeIDE/plugins/com.st.stm32cube.ide.mcu.externaltools.gnu-tools-for-stm32.13.3.rel1.win32_1.0.0.202411081344/tools/bin/../lib/gcc/arm-none-eabi/13.3.1/thumb/v7e-m/nofp/crtbegin.o
                [!provide]                        PROVIDE (__fini_array_end = .)
                0x080019c0                        . = ALIGN (0x4)
                0x080019c0                        _sidata = LOADADDR (.data)

.rel.dyn        0x080019c0        0x0
 .rel.iplt      0x080019c0        0x0 C:/ST/STM32CubeIDE_1.18.1/STM32CubeIDE/plugins/com.st.stm32cube.ide.mcu.externaltools.gnu-tools-for-stm32.13.3.rel1.win32_1.0.0.202411081344/tools/bin/../lib/gcc/arm-none-eabi/13.3.1/thumb/v7e-m/nofp/crtbegin.o

.data           0x20000000       0x20 load address 0x080019c0
                0x20000000                        . = ALIGN (0x4)
                0x20000000                        _sdata = .
 *(.data)
 *(.data*)
 .data.TxBuffer
                0x20000000       0x1e ./Src/008STM32_Slave_ArduinoMaster_i2cIT.o
                0x20000000                TxBuffer
 *(.RamFunc)
 *(.RamFunc*)
                0x20000020                        . = ALIGN (0x4)
 *fill*         0x2000001e        0x2 
                0x20000020                        _edata = .

.igot.plt       0x20000020        0x0 load address 0x080019e0
 .igot.plt      0x20000020        0x0 C:/ST/STM32CubeIDE_1.18.1/STM32CubeIDE/plugins/com.st.stm32cube.ide.mcu.externaltools.gnu-tools-for-stm32.13.3.rel1.win32_1.0.0.202411081344/tools/bin/../lib/gcc/arm-none-eabi/13.3.1/thumb/v7e-m/nofp/crtbegin.o
                0x20000020                        . = ALIGN (0x4)

.bss            0x20000020       0x48 load address 0x080019e0
                0x20000020                        _sbss = .
                0x20000020                        __bss_start__ = _sbss
 *(.bss)
 .bss           0x20000020       0x1c C:/ST/STM32CubeIDE_1.18.1/STM32CubeIDE/plugins/com.st.stm32cube.ide.mcu.externaltools.gnu-tools-for-stm32.13.3.rel1.win32_1.0.0.202411081344/tools/bin/../lib/gcc/arm-none-eabi/13.3.1/thumb/v7e-m/nofp/crtbegin.o
 *(.bss*)
 .bss.I2C_handle
                0x2000003c       0x28 ./Src/008STM32_Slave_ArduinoMaster_i2cIT.o
                0x2000003c                I2C_handle
 .bss.commandCode.1
                0x20000064        0x1 ./Src/008STM32_Slave_ArduinoMaster_i2cIT.o
 .bss.Cnt.0     0x20000065        0x1 ./Src/008STM32_Slave_ArduinoMaster_i2cIT.o
 *(COMMON)
                0x20000068                        . = ALIGN (0x4)
 *fill*         0x20000066        0x2 
                0x20000068                        _ebss = .
                0x20000068                        __bss_end__ = _ebss

._user_heap_stack
                0x20000068      0x600 load address 0x080019e0
                0x20000068                        . = ALIGN (0x8)
                [!provide]                        PROVIDE (end = .)
                0x20000068                        PROVIDE (_end = .)
                0x20000268                        . = (. + _Min_Heap_Size)
 *fill*         0x20000068      0x200 
                0x20000668                        . = (. + _Min_Stack_Size)
 *fill*         0x20000268      0x400 
                0x20000668                        . = ALIGN (0x8)

/DISCARD/
 libc.a(*)
 libm.a(*)
 libgcc.a(*)

.ARM.attributes
                0x00000000       0x2a
 *(.ARM.attributes)
 .ARM.attributes
                0x00000000       0x1e C:/ST/STM32CubeIDE_1.18.1/STM32CubeIDE/plugins/com.st.stm32cube.ide.mcu.externaltools.gnu-tools-for-stm32.13.3.rel1.win32_1.0.0.202411081344/tools/bin/../lib/gcc/arm-none-eabi/13.3.1/thumb/v7e-m/nofp/crti.o
 .ARM.attributes
                0x0000001e       0x2e C:/ST/STM32CubeIDE_1.18.1/STM32CubeIDE/plugins/com.st.stm32cube.ide.mcu.externaltools.gnu-tools-for-stm32.13.3.rel1.win32_1.0.0.202411081344/tools/bin/../lib/gcc/arm-none-eabi/13.3.1/thumb/v7e-m/nofp/crtbegin.o
 .ARM.attributes
                0x0000004c       0x2e ./Drivers/Src/stm32f446xx_gpio_driver.o
 .ARM.attributes
                0x0000007a       0x2e ./Drivers/Src/stm32f446xx_i2c_driver.o
 .ARM.attributes
                0x000000a8       0x2e ./Src/008STM32_Slave_ArduinoMaster_i2cIT.o
 .ARM.attributes
                0x000000d6       0x21 ./Startup/startup_stm32f446retx.o
 .ARM.attributes
                0x000000f7       0x2e C:/ST/STM32CubeIDE_1.18.1/STM32CubeIDE/plugins/com.st.stm32cube.ide.mcu.externaltools.gnu-tools-for-stm32.13.3.rel1.win32_1.0.0.202411081344/tools/bin/../lib/gcc/arm-none-eabi/13.3.1/../../../../arm-none-eabi/lib/thumb/v7e-m/nofp\libc_nano.a(libc_a-init.o)
 .ARM.attributes
                0x00000125       0x17 C:/ST/STM32CubeIDE_1.18.1/STM32CubeIDE/plugins/com.st.stm32cube.ide.mcu.externaltools.gnu-tools-for-stm32.13.3.rel1.win32_1.0.0.202411081344/tools/bin/../lib/gcc/arm-none-eabi/13.3.1/../../../../arm-none-eabi/lib/thumb/v7e-m/nofp\libc_nano.a(libc_a-strlen.o)
 .ARM.attributes
                0x0000013c       0x1e C:/ST/STM32CubeIDE_1.18.1/STM32CubeIDE/plugins/com.st.stm32cube.ide.mcu.externaltools.gnu-tools-for-stm32.13.3.rel1.win32_1.0.0.202411081344/tools/bin/../lib/gcc/arm-none-eabi/13.3.1/thumb/v7e-m/nofp\libgcc.a(_arm_muldf3.o)
 .ARM.attributes
                0x0000015a       0x1e C:/ST/STM32CubeIDE_1.18.1/STM32CubeIDE/plugins/com.st.stm32cube.ide.mcu.externaltools.gnu-tools-for-stm32.13.3.rel1.win32_1.0.0.202411081344/tools/bin/../lib/gcc/arm-none-eabi/13.3.1/thumb/v7e-m/nofp\libgcc.a(_arm_addsubdf3.o)
 .ARM.attributes
                0x00000178       0x1e C:/ST/STM32CubeIDE_1.18.1/STM32CubeIDE/plugins/com.st.stm32cube.ide.mcu.externaltools.gnu-tools-for-stm32.13.3.rel1.win32_1.0.0.202411081344/tools/bin/../lib/gcc/arm-none-eabi/13.3.1/thumb/v7e-m/nofp\libgcc.a(_arm_fixunsdfsi.o)
 .ARM.attributes
                0x00000196       0x1e C:/ST/STM32CubeIDE_1.18.1/STM32CubeIDE/plugins/com.st.stm32cube.ide.mcu.externaltools.gnu-tools-for-stm32.13.3.rel1.win32_1.0.0.202411081344/tools/bin/../lib/gcc/arm-none-eabi/13.3.1/thumb/v7e-m/nofp/crtn.o
OUTPUT(010STM32F446xx_Drivers.elf elf32-littlearm)
LOAD linker stubs
LOAD C:/ST/STM32CubeIDE_1.18.1/STM32CubeIDE/plugins/com.st.stm32cube.ide.mcu.externaltools.gnu-tools-for-stm32.13.3.rel1.win32_1.0.0.202411081344/tools/bin/../lib/gcc/arm-none-eabi/13.3.1/../../../../arm-none-eabi/lib/thumb/v7e-m/nofp\libc.a
LOAD C:/ST/STM32CubeIDE_1.18.1/STM32CubeIDE/plugins/com.st.stm32cube.ide.mcu.externaltools.gnu-tools-for-stm32.13.3.rel1.win32_1.0.0.202411081344/tools/bin/../lib/gcc/arm-none-eabi/13.3.1/../../../../arm-none-eabi/lib/thumb/v7e-m/nofp\libm.a
LOAD C:/ST/STM32CubeIDE_1.18.1/STM32CubeIDE/plugins/com.st.stm32cube.ide.mcu.externaltools.gnu-tools-for-stm32.13.3.rel1.win32_1.0.0.202411081344/tools/bin/../lib/gcc/arm-none-eabi/13.3.1/thumb/v7e-m/nofp\libgcc.a

.debug_info     0x00000000     0x1a56
 .debug_info    0x00000000      0x8a5 ./Drivers/Src/stm32f446xx_gpio_driver.o
 .debug_info    0x000008a5      0xc20 ./Drivers/Src/stm32f446xx_i2c_driver.o
 .debug_info    0x000014c5      0x561 ./Src/008STM32_Slave_ArduinoMaster_i2cIT.o
 .debug_info    0x00001a26       0x30 ./Startup/startup_stm32f446retx.o

.debug_abbrev   0x00000000      0x5ef
 .debug_abbrev  0x00000000      0x19f ./Drivers/Src/stm32f446xx_gpio_driver.o
 .debug_abbrev  0x0000019f      0x246 ./Drivers/Src/stm32f446xx_i2c_driver.o
 .debug_abbrev  0x000003e5      0x1e6 ./Src/008STM32_Slave_ArduinoMaster_i2cIT.o
 .debug_abbrev  0x000005cb       0x24 ./Startup/startup_stm32f446retx.o

.debug_aranges  0x00000000      0x1e0
 .debug_aranges
                0x00000000       0x78 ./Drivers/Src/stm32f446xx_gpio_driver.o
 .debug_aranges
                0x00000078       0xf0 ./Drivers/Src/stm32f446xx_i2c_driver.o
 .debug_aranges
                0x00000168       0x50 ./Src/008STM32_Slave_ArduinoMaster_i2cIT.o
 .debug_aranges
                0x000001b8       0x28 ./Startup/startup_stm32f446retx.o

.debug_rnglists
                0x00000000      0x166
 .debug_rnglists
                0x00000000       0x59 ./Drivers/Src/stm32f446xx_gpio_driver.o
 .debug_rnglists
                0x00000059       0xbc ./Drivers/Src/stm32f446xx_i2c_driver.o
 .debug_rnglists
                0x00000115       0x38 ./Src/008STM32_Slave_ArduinoMaster_i2cIT.o
 .debug_rnglists
                0x0000014d       0x19 ./Startup/startup_stm32f446retx.o

.debug_macro    0x00000000     0x27b7
 .debug_macro   0x00000000       0xad ./Drivers/Src/stm32f446xx_gpio_driver.o
 .debug_macro   0x000000ad      0xad8 ./Drivers/Src/stm32f446xx_gpio_driver.o
 .debug_macro   0x00000b85       0x22 ./Drivers/Src/stm32f446xx_gpio_driver.o
 .debug_macro   0x00000ba7       0x8e ./Drivers/Src/stm32f446xx_gpio_driver.o
 .debug_macro   0x00000c35       0x51 ./Drivers/Src/stm32f446xx_gpio_driver.o
 .debug_macro   0x00000c86      0x103 ./Drivers/Src/stm32f446xx_gpio_driver.o
 .debug_macro   0x00000d89       0x6a ./Drivers/Src/stm32f446xx_gpio_driver.o
 .debug_macro   0x00000df3      0x1df ./Drivers/Src/stm32f446xx_gpio_driver.o
 .debug_macro   0x00000fd2      0x190 ./Drivers/Src/stm32f446xx_gpio_driver.o
 .debug_macro   0x00001162      0x774 ./Drivers/Src/stm32f446xx_gpio_driver.o
 .debug_macro   0x000018d6       0x94 ./Drivers/Src/stm32f446xx_gpio_driver.o
 .debug_macro   0x0000196a       0x9a ./Drivers/Src/stm32f446xx_gpio_driver.o
 .debug_macro   0x00001a04      0x124 ./Drivers/Src/stm32f446xx_gpio_driver.o
 .debug_macro   0x00001b28       0xa3 ./Drivers/Src/stm32f446xx_i2c_driver.o
 .debug_macro   0x00001bcb       0x9a ./Drivers/Src/stm32f446xx_i2c_driver.o
 .debug_macro   0x00001c65      0x1ab ./Src/008STM32_Slave_ArduinoMaster_i2cIT.o
 .debug_macro   0x00001e10       0x61 ./Src/008STM32_Slave_ArduinoMaster_i2cIT.o
 .debug_macro   0x00001e71       0x24 ./Src/008STM32_Slave_ArduinoMaster_i2cIT.o
 .debug_macro   0x00001e95       0x43 ./Src/008STM32_Slave_ArduinoMaster_i2cIT.o
 .debug_macro   0x00001ed8       0x34 ./Src/008STM32_Slave_ArduinoMaster_i2cIT.o
 .debug_macro   0x00001f0c      0x370 ./Src/008STM32_Slave_ArduinoMaster_i2cIT.o
 .debug_macro   0x0000227c       0x16 ./Src/008STM32_Slave_ArduinoMaster_i2cIT.o
 .debug_macro   0x00002292       0x4a ./Src/008STM32_Slave_ArduinoMaster_i2cIT.o
 .debug_macro   0x000022dc       0x34 ./Src/008STM32_Slave_ArduinoMaster_i2cIT.o
 .debug_macro   0x00002310       0x10 ./Src/008STM32_Slave_ArduinoMaster_i2cIT.o
 .debug_macro   0x00002320       0x58 ./Src/008STM32_Slave_ArduinoMaster_i2cIT.o
 .debug_macro   0x00002378       0x8e ./Src/008STM32_Slave_ArduinoMaster_i2cIT.o
 .debug_macro   0x00002406       0x1c ./Src/008STM32_Slave_ArduinoMaster_i2cIT.o
 .debug_macro   0x00002422      0x185 ./Src/008STM32_Slave_ArduinoMaster_i2cIT.o
 .debug_macro   0x000025a7       0x10 ./Src/008STM32_Slave_ArduinoMaster_i2cIT.o
 .debug_macro   0x000025b7       0x3c ./Src/008STM32_Slave_ArduinoMaster_i2cIT.o
 .debug_macro   0x000025f3       0x20 ./Src/008STM32_Slave_ArduinoMaster_i2cIT.o
 .debug_macro   0x00002613       0x1c ./Src/008STM32_Slave_ArduinoMaster_i2cIT.o
 .debug_macro   0x0000262f       0x10 ./Src/008STM32_Slave_ArduinoMaster_i2cIT.o
 .debug_macro   0x0000263f       0x1c ./Src/008STM32_Slave_ArduinoMaster_i2cIT.o
 .debug_macro   0x0000265b       0x16 ./Src/008STM32_Slave_ArduinoMaster_i2cIT.o
 .debug_macro   0x00002671      0x146 ./Src/008STM32_Slave_ArduinoMaster_i2cIT.o

.debug_line     0x00000000     0x2289
 .debug_line    0x00000000      0xbaf ./Drivers/Src/stm32f446xx_gpio_driver.o
 .debug_line    0x00000baf      0xed8 ./Drivers/Src/stm32f446xx_i2c_driver.o
 .debug_line    0x00001a87      0x787 ./Src/008STM32_Slave_ArduinoMaster_i2cIT.o
 .debug_line    0x0000220e       0x7b ./Startup/startup_stm32f446retx.o

.debug_str      0x00000000     0xa992
 .debug_str     0x00000000     0xa992 ./Drivers/Src/stm32f446xx_gpio_driver.o
                               0x6eb8 (size before relaxing)
 .debug_str     0x0000a992     0x7047 ./Drivers/Src/stm32f446xx_i2c_driver.o
 .debug_str     0x0000a992     0xa5d1 ./Src/008STM32_Slave_ArduinoMaster_i2cIT.o
 .debug_str     0x0000a992       0x8e ./Startup/startup_stm32f446retx.o

.comment        0x00000000       0x43
 .comment       0x00000000       0x43 ./Drivers/Src/stm32f446xx_gpio_driver.o
                                 0x44 (size before relaxing)
 .comment       0x00000043       0x44 ./Drivers/Src/stm32f446xx_i2c_driver.o
 .comment       0x00000043       0x44 ./Src/008STM32_Slave_ArduinoMaster_i2cIT.o

.debug_frame    0x00000000      0x830
 .debug_frame   0x00000000      0x1f0 ./Drivers/Src/stm32f446xx_gpio_driver.o
 .debug_frame   0x000001f0      0x420 ./Drivers/Src/stm32f446xx_i2c_driver.o
 .debug_frame   0x00000610       0xf4 ./Src/008STM32_Slave_ArduinoMaster_i2cIT.o
 .debug_frame   0x00000704       0x2c C:/ST/STM32CubeIDE_1.18.1/STM32CubeIDE/plugins/com.st.stm32cube.ide.mcu.externaltools.gnu-tools-for-stm32.13.3.rel1.win32_1.0.0.202411081344/tools/bin/../lib/gcc/arm-none-eabi/13.3.1/../../../../arm-none-eabi/lib/thumb/v7e-m/nofp\libc_nano.a(libc_a-init.o)
 .debug_frame   0x00000730       0x30 C:/ST/STM32CubeIDE_1.18.1/STM32CubeIDE/plugins/com.st.stm32cube.ide.mcu.externaltools.gnu-tools-for-stm32.13.3.rel1.win32_1.0.0.202411081344/tools/bin/../lib/gcc/arm-none-eabi/13.3.1/thumb/v7e-m/nofp\libgcc.a(_arm_muldf3.o)
 .debug_frame   0x00000760       0xac C:/ST/STM32CubeIDE_1.18.1/STM32CubeIDE/plugins/com.st.stm32cube.ide.mcu.externaltools.gnu-tools-for-stm32.13.3.rel1.win32_1.0.0.202411081344/tools/bin/../lib/gcc/arm-none-eabi/13.3.1/thumb/v7e-m/nofp\libgcc.a(_arm_addsubdf3.o)
 .debug_frame   0x0000080c       0x24 C:/ST/STM32CubeIDE_1.18.1/STM32CubeIDE/plugins/com.st.stm32cube.ide.mcu.externaltools.gnu-tools-for-stm32.13.3.rel1.win32_1.0.0.202411081344/tools/bin/../lib/gcc/arm-none-eabi/13.3.1/thumb/v7e-m/nofp\libgcc.a(_arm_fixunsdfsi.o)

.debug_line_str
                0x00000000       0x72
 .debug_line_str
                0x00000000       0x72 ./Startup/startup_stm32f446retx.o
